###############################################################################
#
# IAR ELF Linker V8.22.1.15669/W32 for ARM                16/Oct/2024  20:40:54
# Copyright 2007-2018 IAR Systems AB.
#
#    Output file  =  C:\Users\pnu10\Desktop\project_test\Debug\Exe\test.out
#    Map file     =  C:\Users\pnu10\Desktop\project_test\Debug\List\test.map
#    Command line =  
#        -f C:\Users\pnu10\AppData\Local\Temp\EWE79F.tmp
#        (C:\Users\pnu10\Desktop\project_test\Debug\Obj\main.o
#        C:\Users\pnu10\Desktop\project_test\Debug\Obj\misc.o
#        C:\Users\pnu10\Desktop\project_test\Debug\Obj\startup_stm32f10x_cl.o
#        C:\Users\pnu10\Desktop\project_test\Debug\Obj\stm32f10x_adc.o
#        C:\Users\pnu10\Desktop\project_test\Debug\Obj\stm32f10x_bkp.o
#        C:\Users\pnu10\Desktop\project_test\Debug\Obj\stm32f10x_can.o
#        C:\Users\pnu10\Desktop\project_test\Debug\Obj\stm32f10x_cec.o
#        C:\Users\pnu10\Desktop\project_test\Debug\Obj\stm32f10x_crc.o
#        C:\Users\pnu10\Desktop\project_test\Debug\Obj\stm32f10x_dac.o
#        C:\Users\pnu10\Desktop\project_test\Debug\Obj\stm32f10x_dbgmcu.o
#        C:\Users\pnu10\Desktop\project_test\Debug\Obj\stm32f10x_dma.o
#        C:\Users\pnu10\Desktop\project_test\Debug\Obj\stm32f10x_exti.o
#        C:\Users\pnu10\Desktop\project_test\Debug\Obj\stm32f10x_flash.o
#        C:\Users\pnu10\Desktop\project_test\Debug\Obj\stm32f10x_fsmc.o
#        C:\Users\pnu10\Desktop\project_test\Debug\Obj\stm32f10x_gpio.o
#        C:\Users\pnu10\Desktop\project_test\Debug\Obj\stm32f10x_i2c.o
#        C:\Users\pnu10\Desktop\project_test\Debug\Obj\stm32f10x_it.o
#        C:\Users\pnu10\Desktop\project_test\Debug\Obj\stm32f10x_iwdg.o
#        C:\Users\pnu10\Desktop\project_test\Debug\Obj\stm32f10x_pwr.o
#        C:\Users\pnu10\Desktop\project_test\Debug\Obj\stm32f10x_rcc.o
#        C:\Users\pnu10\Desktop\project_test\Debug\Obj\stm32f10x_rtc.o
#        C:\Users\pnu10\Desktop\project_test\Debug\Obj\stm32f10x_sdio.o
#        C:\Users\pnu10\Desktop\project_test\Debug\Obj\stm32f10x_spi.o
#        C:\Users\pnu10\Desktop\project_test\Debug\Obj\stm32f10x_tim.o
#        C:\Users\pnu10\Desktop\project_test\Debug\Obj\stm32f10x_usart.o
#        C:\Users\pnu10\Desktop\project_test\Debug\Obj\stm32f10x_wwdg.o
#        C:\Users\pnu10\Desktop\project_test\Debug\Obj\system_stm32f10x.o -o
#        C:\Users\pnu10\Desktop\project_test\Debug\Exe\test.out --map
#        C:\Users\pnu10\Desktop\project_test\Debug\List\test.map --log
#        libraries,initialization,modules,redirects,sections,veneers,unused_fragments,call_graph
#        --log_file C:\Users\pnu10\Desktop\project_test\Debug\List\test.log
#        --config C:\Users\pnu10\Desktop\myicf.icf --semihosting --entry
#        __iar_program_start --vfe --text_out locale)
#
###############################################################################

*******************************************************************************
*** RUNTIME MODEL ATTRIBUTES
***

CppFlavor       = *
__SystemLibrary = DLib
__dlib_version  = 6


*******************************************************************************
*** HEAP SELECTION
***

The basic heap was selected because some modules are built with
size limitations (and not runtime checking), and --advanced_heap
was not specified.


*******************************************************************************
*** PLACEMENT SUMMARY
***

"A0":  place at 0x08000000 { ro section .intvec };
"P1":  place in [from 0x08000000 to 0x08080000] { ro };
define block CSTACK with size = 4K, alignment = 8 { };
define block HEAP with size = 4K, alignment = 8 { };
"P2":  place in [from 0x20000000 to 0x20008000] {
          rw, block CSTACK, block HEAP };
initialize by copy { rw };

  Section            Kind        Address    Size  Object
  -------            ----        -------    ----  ------
"A0":                                      0x150
  .intvec            ro code  0x08000000   0x150  startup_stm32f10x_cl.o [1]
                            - 0x08000150   0x150

"P1":                                      0xcd8
  .text              ro code  0x08000150   0x3bc  main.o [1]
  .text              ro code  0x0800050c   0x144  stm32f10x_rcc.o [1]
  .text              ro code  0x08000650   0x134  stm32f10x_gpio.o [1]
  .text              ro code  0x08000784    0xc0  stm32f10x_exti.o [1]
  .text              ro code  0x08000844   0x1a4  stm32f10x_usart.o [1]
  .text              ro code  0x080009e8    0x80  misc.o [1]
  .text              ro code  0x08000a68   0x1a4  system_stm32f10x.o [1]
  .text              ro code  0x08000c0c    0x2c  copy_init3.o [4]
  .text              ro code  0x08000c38    0x28  data_init.o [4]
  .iar.init_table    const    0x08000c60    0x14  - Linker created -
  .text              ro code  0x08000c74    0x1e  cmain.o [4]
  .text              ro code  0x08000c92     0x4  low_level_init.o [3]
  .text              ro code  0x08000c96     0x4  exit.o [3]
  .text              ro code  0x08000c9c     0xa  cexit.o [4]
  .text              ro code  0x08000ca8    0x14  exit.o [5]
  Initializer bytes  const    0x08000cbc    0x18  <for P2-1>
  .text              ro code  0x08000cd4    0x12  stm32f10x_it.o [1]
  .text              ro code  0x08000ce8    0x10  startup_stm32f10x_cl.o [1]
  .rodata            const    0x08000cf8     0xc  main.o [1]
  .text              ro code  0x08000d04     0xc  cstartup_M.o [4]
  .text              ro code  0x08000d10     0x4  startup_stm32f10x_cl.o [1]
  .text              ro code  0x08000d14     0x4  startup_stm32f10x_cl.o [1]
  .text              ro code  0x08000d18     0x4  startup_stm32f10x_cl.o [1]
  .text              ro code  0x08000d1c     0x4  startup_stm32f10x_cl.o [1]
  .text              ro code  0x08000d20     0x4  startup_stm32f10x_cl.o [1]
  .text              ro code  0x08000d24     0x4  startup_stm32f10x_cl.o [1]
  .text              ro code  0x08000d28     0x4  startup_stm32f10x_cl.o [1]
  .text              ro code  0x08000d2c     0x4  startup_stm32f10x_cl.o [1]
  .text              ro code  0x08000d30     0x4  startup_stm32f10x_cl.o [1]
  .text              ro code  0x08000d34     0x4  startup_stm32f10x_cl.o [1]
  .text              ro code  0x08000d38     0x4  startup_stm32f10x_cl.o [1]
  .text              ro code  0x08000d3c     0x4  startup_stm32f10x_cl.o [1]
  .text              ro code  0x08000d40     0x4  startup_stm32f10x_cl.o [1]
  .text              ro code  0x08000d44     0x4  startup_stm32f10x_cl.o [1]
  .text              ro code  0x08000d48     0x4  startup_stm32f10x_cl.o [1]
  .text              ro code  0x08000d4c     0x4  startup_stm32f10x_cl.o [1]
  .text              ro code  0x08000d50     0x4  startup_stm32f10x_cl.o [1]
  .text              ro code  0x08000d54     0x4  startup_stm32f10x_cl.o [1]
  .text              ro code  0x08000d58     0x4  startup_stm32f10x_cl.o [1]
  .text              ro code  0x08000d5c     0x4  startup_stm32f10x_cl.o [1]
  .text              ro code  0x08000d60     0x4  startup_stm32f10x_cl.o [1]
  .text              ro code  0x08000d64     0x4  startup_stm32f10x_cl.o [1]
  .text              ro code  0x08000d68     0x4  startup_stm32f10x_cl.o [1]
  .text              ro code  0x08000d6c     0x4  startup_stm32f10x_cl.o [1]
  .text              ro code  0x08000d70     0x4  startup_stm32f10x_cl.o [1]
  .text              ro code  0x08000d74     0x4  startup_stm32f10x_cl.o [1]
  .text              ro code  0x08000d78     0x4  startup_stm32f10x_cl.o [1]
  .text              ro code  0x08000d7c     0x4  startup_stm32f10x_cl.o [1]
  .text              ro code  0x08000d80     0x4  startup_stm32f10x_cl.o [1]
  .text              ro code  0x08000d84     0x4  startup_stm32f10x_cl.o [1]
  .text              ro code  0x08000d88     0x4  startup_stm32f10x_cl.o [1]
  .text              ro code  0x08000d8c     0x4  startup_stm32f10x_cl.o [1]
  .text              ro code  0x08000d90     0x4  startup_stm32f10x_cl.o [1]
  .text              ro code  0x08000d94     0x4  startup_stm32f10x_cl.o [1]
  .text              ro code  0x08000d98     0x4  startup_stm32f10x_cl.o [1]
  .text              ro code  0x08000d9c     0x4  startup_stm32f10x_cl.o [1]
  .text              ro code  0x08000da0     0x4  startup_stm32f10x_cl.o [1]
  .text              ro code  0x08000da4     0x4  startup_stm32f10x_cl.o [1]
  .text              ro code  0x08000da8     0x4  startup_stm32f10x_cl.o [1]
  .text              ro code  0x08000dac     0x4  startup_stm32f10x_cl.o [1]
  .text              ro code  0x08000db0     0x4  startup_stm32f10x_cl.o [1]
  .text              ro code  0x08000db4     0x4  startup_stm32f10x_cl.o [1]
  .text              ro code  0x08000db8     0x4  startup_stm32f10x_cl.o [1]
  .text              ro code  0x08000dbc     0x4  startup_stm32f10x_cl.o [1]
  .text              ro code  0x08000dc0     0x4  startup_stm32f10x_cl.o [1]
  .text              ro code  0x08000dc4     0x4  startup_stm32f10x_cl.o [1]
  .text              ro code  0x08000dc8     0x4  startup_stm32f10x_cl.o [1]
  .text              ro code  0x08000dcc     0x4  startup_stm32f10x_cl.o [1]
  .text              ro code  0x08000dd0     0x4  startup_stm32f10x_cl.o [1]
  .text              ro code  0x08000dd4     0x4  startup_stm32f10x_cl.o [1]
  .text              ro code  0x08000dd8     0x4  startup_stm32f10x_cl.o [1]
  .text              ro code  0x08000ddc     0x4  startup_stm32f10x_cl.o [1]
  .text              ro code  0x08000de0     0x4  startup_stm32f10x_cl.o [1]
  .text              ro code  0x08000de4     0x4  startup_stm32f10x_cl.o [1]
  .text              ro code  0x08000de8     0x4  startup_stm32f10x_cl.o [1]
  .text              ro code  0x08000dec     0x4  startup_stm32f10x_cl.o [1]
  .text              ro code  0x08000df0     0x4  startup_stm32f10x_cl.o [1]
  .text              ro code  0x08000df4     0x4  startup_stm32f10x_cl.o [1]
  .text              ro code  0x08000df8     0x4  startup_stm32f10x_cl.o [1]
  .text              ro code  0x08000dfc     0x4  startup_stm32f10x_cl.o [1]
  .text              ro code  0x08000e00     0x4  startup_stm32f10x_cl.o [1]
  .text              ro code  0x08000e04     0x4  startup_stm32f10x_cl.o [1]
  .text              ro code  0x08000e08     0x4  startup_stm32f10x_cl.o [1]
  .text              ro code  0x08000e0c     0x4  startup_stm32f10x_cl.o [1]
  .text              ro code  0x08000e10     0x4  startup_stm32f10x_cl.o [1]
  .text              ro code  0x08000e14     0x4  startup_stm32f10x_cl.o [1]
  .text              ro code  0x08000e18     0x4  startup_stm32f10x_cl.o [1]
  .text              ro code  0x08000e1c     0x4  startup_stm32f10x_cl.o [1]
  .text              ro code  0x08000e20     0x4  startup_stm32f10x_cl.o [1]
  .text              ro code  0x08000e24     0x4  startup_stm32f10x_cl.o [1]
  .rodata            const    0x08000e28     0x0  copy_init3.o [4]
                            - 0x08000e28   0xcd8

"P2", part 1 of 2:                          0x18
  P2-1                        0x20000000    0x18  <Init block>
    .data            inited   0x20000000     0x4  main.o [1]
    .data            inited   0x20000004    0x10  stm32f10x_rcc.o [1]
    .data            inited   0x20000014     0x4  stm32f10x_rcc.o [1]
                            - 0x20000018    0x18

"P2", part 2 of 2:                        0x1000
  CSTACK                      0x20000018  0x1000  <Block>
    CSTACK           uninit   0x20000018  0x1000  <Block tail>
                            - 0x20001018  0x1000


*******************************************************************************
*** INIT TABLE
***

          Address     Size
          -------     ----
Copy (__iar_copy_init3)
    1 source range, total size 0x18:
          0x08000cbc  0x18
    1 destination range, total size 0x18:
          0x20000000  0x18



*******************************************************************************
*** MODULE SUMMARY
***

    Module                  ro code  ro data  rw data
    ------                  -------  -------  -------
C:\Users\pnu10\Desktop\project_test\Debug\Obj: [1]
    main.o                      956       16        4
    misc.o                      128
    startup_stm32f10x_cl.o      632
    stm32f10x_exti.o            192
    stm32f10x_gpio.o            308
    stm32f10x_it.o               18
    stm32f10x_rcc.o             324       20       20
    stm32f10x_usart.o           420
    system_stm32f10x.o          420
    -------------------------------------------------
    Total:                    3 398       36       24

command line: [2]
    -------------------------------------------------
    Total:

dl7M_tln.a: [3]
    exit.o                        4
    low_level_init.o              4
    -------------------------------------------------
    Total:                        8

rt7M_tl.a: [4]
    cexit.o                      10
    cmain.o                      30
    copy_init3.o                 44
    cstartup_M.o                 12
    data_init.o                  40
    -------------------------------------------------
    Total:                      136

shb_l.a: [5]
    exit.o                       20
    -------------------------------------------------
    Total:                       20

    Gaps                          6
    Linker created                        20    4 096
-----------------------------------------------------
    Grand Total:              3 568       56    4 120


*******************************************************************************
*** ENTRY LIST
***

Entry                      Address   Size  Type      Object
-----                      -------   ----  ----      ------
.iar.init_table$$Base   0x08000c60          --   Gb  - Linker created -
.iar.init_table$$Limit  0x08000c74          --   Gb  - Linker created -
?main                   0x08000c75         Code  Gb  cmain.o [4]
ADCPrescTable           0x20000014    0x4  Data  Lc  stm32f10x_rcc.o [1]
APBAHBPrescTable        0x20000004   0x10  Data  Lc  stm32f10x_rcc.o [1]
BusFault_Handler        0x08000cdb    0x2  Code  Gb  stm32f10x_it.o [1]
CSTACK$$Base            0x20000018          --   Gb  - Linker created -
CSTACK$$Limit           0x20001018          --   Gb  - Linker created -
DebugMon_Handler        0x08000ce1    0x2  Code  Gb  stm32f10x_it.o [1]
Delay                   0x0800044b    0xe  Code  Gb  main.o [1]
EXTI15_10_IRQHandler    0x080003ad   0x78  Code  Gb  main.o [1]
EXTI4_IRQHandler        0x08000425   0x26  Code  Gb  main.o [1]
EXTI_ClearITPendingBit  0x08000829    0x6  Code  Gb  stm32f10x_exti.o [1]
EXTI_Configure          0x08000245   0x74  Code  Gb  main.o [1]
EXTI_GetITStatus        0x08000809   0x20  Code  Gb  stm32f10x_exti.o [1]
EXTI_Init               0x08000785   0x84  Code  Gb  stm32f10x_exti.o [1]
GPIO_Configure          0x080001c9   0x7c  Code  Gb  main.o [1]
GPIO_EXTILineConfig     0x08000729   0x56  Code  Gb  stm32f10x_gpio.o [1]
GPIO_Init               0x08000651   0xc4  Code  Gb  stm32f10x_gpio.o [1]
GPIO_ReadInputDataBit   0x08000715   0x14  Code  Gb  stm32f10x_gpio.o [1]
HardFault_Handler       0x08000cd7    0x2  Code  Gb  stm32f10x_it.o [1]
MemManage_Handler       0x08000cd9    0x2  Code  Gb  stm32f10x_it.o [1]
NMI_Handler             0x08000cd5    0x2  Code  Gb  stm32f10x_it.o [1]
NVIC_Configure          0x080002ff   0x72  Code  Gb  main.o [1]
NVIC_Init               0x080009f3   0x60  Code  Gb  misc.o [1]
NVIC_PriorityGroupConfig
                        0x080009e9    0xa  Code  Gb  misc.o [1]
PendSV_Handler          0x08000ce3    0x2  Code  Gb  stm32f10x_it.o [1]
RCC_APB2PeriphClockCmd  0x08000611   0x20  Code  Gb  stm32f10x_rcc.o [1]
RCC_Configure           0x0800016f   0x5a  Code  Gb  main.o [1]
RCC_GetClocksFreq       0x0800050d  0x104  Code  Gb  stm32f10x_rcc.o [1]
Region$$Table$$Base     0x08000c60          --   Gb  - Linker created -
Region$$Table$$Limit    0x08000c74          --   Gb  - Linker created -
SVC_Handler             0x08000cdf    0x2  Code  Gb  stm32f10x_it.o [1]
SetSysClock             0x08000acf    0x8  Code  Lc  system_stm32f10x.o [1]
SetSysClockTo72         0x08000ad7  0x110  Code  Lc  system_stm32f10x.o [1]
SysTick_Handler         0x08000ce5    0x2  Code  Gb  stm32f10x_it.o [1]
SystemInit              0x08000a69   0x66  Code  Gb  system_stm32f10x.o [1]
USART1_IRQHandler       0x08000371   0x3c  Code  Gb  main.o [1]
USART1_Init             0x080002b9   0x46  Code  Gb  main.o [1]
USART_ClearITPendingBit
                        0x080009d3   0x16  Code  Gb  stm32f10x_usart.o [1]
USART_Cmd               0x08000901   0x1c  Code  Gb  stm32f10x_usart.o [1]
USART_GetITStatus       0x08000977   0x5c  Code  Gb  stm32f10x_usart.o [1]
USART_ITConfig          0x0800091d   0x4a  Code  Gb  stm32f10x_usart.o [1]
USART_Init              0x08000845   0xb6  Code  Gb  stm32f10x_usart.o [1]
USART_ReceiveData       0x0800096f    0x8  Code  Gb  stm32f10x_usart.o [1]
USART_SendData          0x08000967    0x8  Code  Gb  stm32f10x_usart.o [1]
UsageFault_Handler      0x08000cdd    0x2  Code  Gb  stm32f10x_it.o [1]
__NVIC_EnableIRQ        0x08000151   0x1e  Code  Lc  main.o [1]
__cmain                 0x08000c75         Code  Gb  cmain.o [4]
__exit                  0x08000ca9   0x14  Code  Gb  exit.o [5]
__iar_copy_init3        0x08000c0d   0x2c  Code  Gb  copy_init3.o [4]
__iar_data_init3        0x08000c39   0x28  Code  Gb  data_init.o [4]
__iar_program_start     0x08000d05         Code  Gb  cstartup_M.o [4]
__iar_systems$$module {Abs}
                        0x00000001         Data  Gb  command line/config [2]
__low_level_init        0x08000c93    0x4  Code  Gb  low_level_init.o [3]
__vector_table          0x08000000         Data  Gb  startup_stm32f10x_cl.o [1]
_call_main              0x08000c81         Code  Gb  cmain.o [4]
_exit                   0x08000c9d         Code  Gb  cexit.o [4]
_main                   0x08000c8f         Code  Gb  cmain.o [4]
exit                    0x08000c97    0x4  Code  Gb  exit.o [3]
main                    0x0800046f   0x6a  Code  Gb  main.o [1]
mode                    0x20000000    0x4  Data  Gb  main.o [1]
sendDataUART1           0x08000459   0x16  Code  Gb  main.o [1]


[1] = C:\Users\pnu10\Desktop\project_test\Debug\Obj
[2] = command line
[3] = dl7M_tln.a
[4] = rt7M_tl.a
[5] = shb_l.a

  3 568 bytes of readonly  code memory
     56 bytes of readonly  data memory
  4 120 bytes of readwrite data memory

Errors: none
Warnings: none
